// Vitest Snapshot v1, https://vitest.dev/guide/snapshot.html

exports[`QuiverV2LanguageModel > maps stream parts into V2 reasoning/text deltas 1`] = `
[
  {
    "type": "stream-start",
    "warnings": [],
  },
  {
    "rawValue": {
      "id": "svg-stream-1",
      "svg": "<ignored/>",
      "type": "reasoning",
    },
    "type": "raw",
  },
  {
    "id": "svg-stream-1",
    "modelId": "quiver-svg",
    "type": "response-metadata",
  },
  {
    "rawValue": {
      "id": "svg-stream-1",
      "svg": "<svg",
      "type": "draft",
    },
    "type": "raw",
  },
  {
    "id": "reasoning-v2-0",
    "type": "reasoning-start",
  },
  {
    "delta": "<svg",
    "id": "reasoning-v2-0",
    "type": "reasoning-delta",
  },
  {
    "rawValue": {
      "id": "svg-stream-1",
      "svg": "<svg><path d="M0 0",
      "type": "draft",
    },
    "type": "raw",
  },
  {
    "delta": "><path d="M0 0",
    "id": "reasoning-v2-0",
    "type": "reasoning-delta",
  },
  {
    "rawValue": {
      "id": "svg-stream-1",
      "svg": "<svg>",
      "type": "content",
    },
    "type": "raw",
  },
  {
    "id": "reasoning-v2-0",
    "type": "reasoning-end",
  },
  {
    "id": "0",
    "type": "text-start",
  },
  {
    "delta": "<svg>",
    "id": "0",
    "type": "text-delta",
  },
  {
    "rawValue": {
      "id": "svg-stream-1",
      "svg": "<svg><path d="M0 0L10 10"/></svg>",
      "type": "content",
      "usage": {
        "input_tokens": 9,
        "output_tokens": 15,
        "total_tokens": 24,
      },
    },
    "type": "raw",
  },
  {
    "delta": "<path d="M0 0L10 10"/></svg>",
    "id": "0",
    "type": "text-delta",
  },
  {
    "id": "0",
    "type": "text-end",
  },
  {
    "finishReason": "stop",
    "type": "finish",
    "usage": {
      "cachedInputTokens": undefined,
      "inputTokens": 9,
      "outputTokens": 15,
      "reasoningTokens": undefined,
      "totalTokens": 24,
    },
  },
]
`;
